{ "_id": { "$oid": "507f1f77bcf86cd799439015" }, "radius": 5.0, "shapeType": "Circle" }

