{ "_id": { "$oid": "507f1f77bcf86cd799439011" }, "name": "Alice", "age": 30 }

