{ "_id": { "$oid": "507f1f77bcf86cd799439014" }, "tags": ["scala", "mongodb", "functional"], "scores": [100, 95, 88] }

